// Jest Snapshot v1, https://goo.gl/fbAQLP

exports[`stories should render stories without error 1`] = `
.c7 {
  background: #e2e2e2;
  color: #555;
  padding: 10px;
  border-right: 1px solid #aaa;
  font-size: 0.8rem;
  white-space: pre;
  position: relative;
  width: 15rem;
}

.c7 .jsx {
  border: 1px solid #aaa;
  background: #f5f4de;
  position: absolute;
  padding: 10px;
  top: -1px;
  left: -1px;
  opacity: 0;
  -webkit-transition-property: opacity;
  transition-property: opacity;
  -webkit-transition-duration: 0.1s;
  transition-duration: 0.1s;
  -webkit-transition-delay: 0.8s;
  transition-delay: 0.8s;
  z-index: 99;
  box-shadow: 4px 4px 10px rgba(0,0,0,0.3);
  visibility: hidden;
  min-width: 15rem;
}

.c7:hover .jsx {
  visibility: visible;
  opacity: 1;
}

.c6 {
  -webkit-box-flex: 1;
  -webkit-flex-grow: 1;
  -ms-flex-positive: 1;
  flex-grow: 1;
  background: #e2e2e2;
  padding: 10px;
  font-size: 0.9rem;
  width: 15rem;
  -webkit-user-select: none;
  -moz-user-select: none;
  -ms-user-select: none;
  user-select: none;
  border-right: 1px solid #aaa;
}

.c8 {
  -webkit-align-self: end;
  -ms-flex-item-align: end;
  align-self: end;
  margin: var(--storyGridSize);
  background: white;
}

.c3 {
  border: 1px solid #aaa;
  margin: 10px;
  display: -webkit-box;
  display: -webkit-flex;
  display: -ms-flexbox;
  display: flex;
  -webkit-flex-direction: column;
  -ms-flex-direction: column;
  flex-direction: column;
}

.c4 {
  display: -webkit-box;
  display: -webkit-flex;
  display: -ms-flexbox;
  display: flex;
  -webkit-flex-direction: row;
  -ms-flex-direction: row;
  flex-direction: row;
  background-size: calc(1 * var(--storyGridSize)) calc(1 * var(--storyGridSize));
  background-position: calc(1 * var(--storyGridSize)) calc(1 * var(--storyGridSize));
  background-image: linear-gradient( to right, var(--storyGridColor) 1px, transparent 1px ), linear-gradient( to bottom, var(--storyGridColor) 1px, var(--storyGridBackground) 1px );
}

.c5 {
  display: -webkit-box;
  display: -webkit-flex;
  display: -ms-flexbox;
  display: flex;
  -webkit-flex-direction: column;
  -ms-flex-direction: column;
  flex-direction: column;
}

.c2 {
  padding: 10px;
  cursor: pointer;
  -webkit-user-select: none;
  -moz-user-select: none;
  -ms-user-select: none;
  user-select: none;
}

.c1 {
  border-left: 3px solid #eee;
  margin: 10px 0;
  display: -webkit-box;
  display: -webkit-flex;
  display: -ms-flexbox;
  display: flex;
  -webkit-flex-direction: column;
  -ms-flex-direction: column;
  flex-direction: column;
}

.c0 {
  display: -webkit-box;
  display: -webkit-flex;
  display: -ms-flexbox;
  display: flex;
  -webkit-flex-direction: column;
  -ms-flex-direction: column;
  flex-direction: column;
  font-family: Consolas,Menlo,Monaco,Lucida Console,Liberation Mono, DejaVu Sans Mono,Bitstream Vera Sans Mono,monospace;
}

<div
  className="c0"
>
  <div
    className="c1"
  >
    <div
      className="c2"
      onClick={[Function]}
    >
      Foo
    </div>
    <div
      className=""
      style={
        Object {
          "display": "block",
        }
      }
    >
      <div
        className="theme-Foo-NoProps"
      >
        <div
          className="c3"
        >
          <div
            className="c4"
          >
            <div
              className="c5"
            >
              <div
                className="c6"
                onClick={[Function]}
                style={
                  Object {
                    "cursor": "pointer",
                  }
                }
              >
                NoProps
              </div>
              <div
                className="c7"
              >
                &lt;component /&gt;
                <div
                  className="jsx"
                >
                  &lt;component /&gt;
                </div>
              </div>
            </div>
            <div
              className="c8"
            >
              <div>
                This is 
              </div>
            </div>
          </div>
        </div>
      </div>
      <div
        className="theme-Foo-Simple"
      >
        <div
          className="c3"
        >
          <div
            className="c4"
          >
            <div
              className="c5"
            >
              <div
                className="c6"
                style={
                  Object {
                    "cursor": "inherit",
                  }
                }
              >
                Simple
              </div>
              <div
                className="c7"
              >
                &lt;component name="foo" /&gt;
                <div
                  className="jsx"
                >
                  &lt;component name="foo" /&gt;
                </div>
              </div>
            </div>
            <div
              className="c8"
            >
              <div>
                This is 
                foo
              </div>
            </div>
          </div>
        </div>
      </div>
      <div
        className="theme-Foo-withClick"
      >
        <div
          className="c3"
        >
          <div
            className="c4"
          >
            <div
              className="c5"
            >
              <div
                className="c6"
                onClick={[Function]}
                style={
                  Object {
                    "cursor": "pointer",
                  }
                }
              >
                withClick
              </div>
              <div
                className="c7"
              >
                &lt;component name="foo" /&gt;
                <div
                  className="jsx"
                >
                  &lt;component name="foo" /&gt;
                </div>
              </div>
            </div>
            <div
              className="c8"
            >
              <div>
                This is 
                foo
              </div>
            </div>
          </div>
        </div>
      </div>
    </div>
  </div>
</div>
`;
